// Jest Snapshot v1, https://goo.gl/fbAQLP

exports[`forward triage prompt snapshot matches snapshot 1`] = `
"You are comparing an English source document with its zh-cn translation to determine if there are substantive content differences that require re-translation.

## Source Content (English)
\`\`\`
## Introduction

This is an intro.
\`\`\`

## Target Content (zh-cn)
\`\`\`
## 介绍

这是一个介绍。
\`\`\`

## Task
Classify the differences between SOURCE and TARGET into one of four categories:

1. **CONTENT_CHANGES**: SOURCE has content that is missing from TARGET, or SOURCE content has been updated. Examples:
   - Missing sections, paragraphs, or sentences in TARGET that exist in SOURCE
   - Changed formulas, updated code logic, modified examples in SOURCE
   - New explanations in SOURCE not yet in TARGET
   - Different URL targets or file paths
   These require re-translation (SOURCE → TARGET).

2. **TARGET_HAS_ADDITIONS**: TARGET has substantive content (paragraphs, sections, examples, explanations) that does NOT exist in SOURCE. Examples:
   - Extra sections or paragraphs added in the translation that aren't in SOURCE
   - Additional examples, figures, or explanations unique to TARGET
   - Expanded code blocks or formulas in TARGET beyond what SOURCE has
   This content would be LOST if we re-translate from SOURCE. Use this verdict even if there are also CONTENT_CHANGES.

3. **I18N_ONLY**: Differences that are purely stylistic or locale-specific. Examples:
   - Punctuation style (full-width vs half-width characters)
   - Terminology/word choices that convey the same meaning
   - Whitespace, indentation, or line-wrapping differences
   - Equivalent markup for the same content (e.g. \`{figure}\` directive vs \`![alt]()\` syntax showing the same image)
   - Locale-specific number or date formatting
   These do NOT require re-translation.

4. **IDENTICAL**: The documents are equivalent in content (translation is faithful and complete).

**Rules:**
- Focus on content, not style. A different word for "function" that means the same thing is I18N_ONLY. A missing paragraph or changed formula is CONTENT_CHANGES.
- If text present in SOURCE is absent from TARGET (even a single sentence), that is CONTENT_CHANGES, not a "formatting convention."
- If text present in TARGET is absent from SOURCE (paragraphs, sections, examples), that is TARGET_HAS_ADDITIONS. i18n-specific code (font config, RTL adjustments, locale-specific comments) does NOT count as additions.
- TARGET_HAS_ADDITIONS takes priority over CONTENT_CHANGES if both are true.
- When in doubt between CONTENT_CHANGES and TARGET_HAS_ADDITIONS, choose TARGET_HAS_ADDITIONS. It is safer to warn about potential data loss.

## Response Format
Respond with a JSON object:
\`\`\`json
{
  "verdict": "CONTENT_CHANGES" or "TARGET_HAS_ADDITIONS" or "I18N_ONLY" or "IDENTICAL",
  "reason": "Brief description of the key differences (or 'no differences' if IDENTICAL)"
}
\`\`\`"
`;
